Solution
 ( -1.088, -0.183) (  1.282,  1.205)
 (  0.966,  0.521) ( -0.222, -0.968)
 ( -0.202,  0.187) (  0.534,  1.358)
 ( -0.586,  0.918) (  2.222, -0.998)
