Inverse
 ( -0.113, -0.054) ( -0.086,  0.011) (  0.127,  0.189) (  0.155, -0.034)
 (  0.057,  0.057) (  0.006,  0.013) ( -0.027, -0.098) ( -0.041, -0.034)
 ( -0.059, -0.028) ( -0.093,  0.025) (  0.042,  0.036) (  0.014,  0.012)
 ( -0.102,  0.067) (  0.021,  0.126) (  0.126, -0.095) (  0.039, -0.114)
