The eigenvaluess
( -9.4299,-12.9833) ( -3.4418, 12.6897) (  0.1055, -3.3950) (  5.7562,  7.1286) 
