Singular values
 27.4687 22.6432  8.5584  5.9857  2.0149

Matrix U
 -0.5911  0.2632  0.3554  0.3143  0.2299
 -0.3976  0.2438 -0.2224 -0.7535 -0.3636
 -0.0335 -0.6003 -0.4508  0.2334 -0.3055
 -0.4297  0.2362 -0.6859  0.3319  0.1649
 -0.4697 -0.3509  0.3874  0.1587 -0.5183
  0.2934  0.5763 -0.0209  0.3791 -0.6526

Matrix V transpose
 -0.2514 -0.3968 -0.6922 -0.3662 -0.4076
  0.8148  0.3587 -0.2489 -0.3686 -0.0980
 -0.2606  0.7008 -0.2208  0.3859 -0.4933
  0.3967 -0.4507  0.2513  0.4342 -0.6227
 -0.2180  0.1402  0.5891 -0.6265 -0.4396
