Solution
   4.020  -1.560   9.810
   6.190   4.000  -4.090
  -8.220  -8.670  -4.570
  -7.570   1.750  -8.610
  -3.030   2.860   8.990

The LU factorization
   8.230   1.080   9.040   2.140  -6.870
   0.826  -6.942  -7.919   6.552  -3.994
   0.688  -0.665 -14.184   7.236  -5.191
   0.725   0.752   0.023 -13.820  14.189
  -0.256   0.435  -0.588  -0.337  -3.429

The pivot indices
(  5  5  3  4  5 )

The original matrix
  6.800  -6.050  -0.450   8.320  -9.670 
 -2.110  -3.300   2.580   2.710  -5.140 
  5.660   5.360  -2.700   4.350  -7.260 
  5.970  -4.440   0.270  -7.170   6.080 
  8.230   1.080   9.040   2.140  -6.870 

The reconstructed matrix
  6.800  -6.050  -0.450   8.320  -9.670 
 -2.110  -3.300   2.580   2.710  -5.140 
  5.660   5.360  -2.700   4.350  -7.260 
  5.970  -4.440   0.270  -7.170   6.080 
  8.230   1.080   9.040   2.140  -6.870 

The residual error :  2.1413E-18
