The eigenvalues
(  2.858, 10.763) (  2.858,-10.763) ( -0.687,  4.704) ( -0.687, -4.704) -10.463 

The left eigenvectors
(  0.044,  0.288) (  0.044, -0.288) ( -0.133, -0.327) ( -0.133,  0.327)   0.041 
(  0.618,  0.000) (  0.618, -0.000) (  0.687,  0.000) (  0.687, -0.000)   0.560 
( -0.036, -0.577) ( -0.036,  0.577) ( -0.390, -0.075) ( -0.390,  0.075)  -0.129 
(  0.284,  0.011) (  0.284, -0.011) ( -0.018, -0.187) ( -0.018,  0.187)  -0.797 
( -0.045,  0.341) ( -0.045, -0.341) ( -0.403,  0.218) ( -0.403, -0.218)   0.183 

The right eigenvectors
(  0.108,  0.169) (  0.108, -0.169) (  0.732,  0.000) (  0.732, -0.000)   0.461 
(  0.406, -0.259) (  0.406,  0.259) ( -0.026, -0.017) ( -0.026,  0.017)   0.338 
(  0.102, -0.509) (  0.102,  0.509) (  0.192, -0.293) (  0.192,  0.293)   0.309 
(  0.399, -0.091) (  0.399,  0.091) ( -0.079, -0.078) ( -0.079,  0.078)  -0.744 
(  0.540,  0.000) (  0.540, -0.000) ( -0.292, -0.493) ( -0.292,  0.493)   0.159 
