Matrix
  6.800  -6.050  -0.450   8.320  -9.670 
 -2.110  -3.300   2.580   2.710  -5.140 
  5.660   5.360  -2.700   4.350  -7.260 
  5.970  -4.440   0.270  -7.170   6.080 
  8.230   1.080   9.040   2.140  -6.870 

Inverse
  0.048  -0.107   0.003   0.027   0.033 
 -0.052  -0.062   0.045  -0.047   0.030 
 -0.005  -0.046  -0.096  -0.052   0.096 
  0.146  -0.299  -0.172  -0.173   0.046 
  0.088  -0.292  -0.169  -0.098   0.040 
