Singular values
 18.3660 13.6300 10.8533  4.4916

Matrix U
 -0.5727  0.1776  0.0056  0.5290
  0.4594 -0.1075 -0.7240  0.4174
 -0.4504 -0.4140  0.0042  0.3629
  0.3341 -0.6926  0.4948  0.1851
 -0.3174 -0.3084 -0.2803 -0.6098
  0.2138  0.4591  0.3903  0.0900

Matrix V transpose
 -0.5166 -0.1212  0.8471 -0.0294
  0.0786 -0.9923 -0.0945 -0.0130
 -0.2806 -0.0212 -0.1413  0.9491
  0.8051  0.0117  0.5036  0.3133
