The eigenvalues
-17.4369 -11.9633   6.7224  14.2453  19.8424 

The eigenvectors
 -0.2601  0.3142 -0.7393  0.3329  0.4199
 -0.1687 -0.3931 -0.3775 -0.8049  0.1631
 -0.8859  0.0428  0.0874  0.0322 -0.4524
 -0.2909 -0.5867  0.3350  0.3122  0.6012
 -0.1855  0.6330  0.4371 -0.3779  0.4807
