Solution
   1.170   0.516  -0.859
  -0.712   1.046  -4.904
  -0.630  -0.521   0.988
  -0.330   0.433   1.220
   0.826  -1.216   1.958

The matrix factorization
  -5.860   3.990  -5.930  -2.820   7.690
  -0.681   7.177   2.580   4.420   4.610
   1.012  -0.203  -2.815   8.570   7.690
   0.481   0.348  11.931   4.206   8.070
  -1.312   1.372   0.021   0.165   6.219

The pivot indices
(  1  2 -4 -4  5 )
