The eigenvalues
-11.0656  -6.2287   0.8640   8.8655  16.0948 

The eigenvectors
 -0.2981 -0.6075  0.4026 -0.3745  0.4896
 -0.5078 -0.2880 -0.4066 -0.3572 -0.6053
 -0.0816 -0.3843 -0.6600  0.5008  0.3991
 -0.0036 -0.4467  0.4553  0.6204 -0.4564
 -0.8041  0.4480  0.1725  0.3108  0.1622
