Singular values
 21.7552 16.5955  3.9733

Matrix U
(  0.5474,  0.0000)(  0.7630,  0.0000)( -0.3437,  0.0000)
( -0.0351, -0.1515)(  0.2710, -0.2264)(  0.5457, -0.7439)
(  0.8130,  0.1233)( -0.5231, -0.1396)(  0.1336, -0.1135)

Matrix V Hermitian transpose
(  0.2316,  0.2067)(  0.3659,  0.3865)(  0.2426,  0.3283)( -0.5613, -0.3723)
( -0.5791,  0.4033)(  0.1092,  0.1724)(  0.5967, -0.2749)(  0.1600,  0.0551)
(  0.6042,  0.1234)( -0.1899,  0.2972)(  0.3921,  0.1970)(  0.4545,  0.3102)

