The eigenvalues
( -9.4299,-12.9833) ( -3.4418, 12.6897) (  0.1055, -3.3950) (  5.7562,  7.1286) 

The left eigenvectors
(  0.2414, -0.1847) (  0.6135,  0.0000) ( -0.1828, -0.3347) (  0.2765,  0.0884) 
(  0.7861,  0.0000) ( -0.0499, -0.2721) (  0.8218,  0.0000) ( -0.5477,  0.1572) 
(  0.2195, -0.2689) ( -0.2088,  0.5347) ( -0.3714,  0.1525) (  0.4451,  0.0912) 
( -0.0170,  0.4109) (  0.4027, -0.2353) (  0.0575,  0.1208) (  0.6202,  0.0000) 

The right eigenvectors
(  0.4309,  0.3268) (  0.8257,  0.0000) (  0.5984,  0.0000) ( -0.3054,  0.0333) 
(  0.5087, -0.0288) (  0.0750, -0.2487) ( -0.4005, -0.2014) (  0.0398,  0.3445) 
(  0.6198,  0.0000) ( -0.2458,  0.2789) ( -0.0901, -0.4753) (  0.3583,  0.0606) 
( -0.2269,  0.1104) ( -0.1034, -0.3192) ( -0.4348,  0.1337) (  0.8082,  0.0000) 
