Solution
 (  8.330, -7.320) ( -6.110, -3.810)
 ( -6.180, -4.800) (  0.140, -7.710)
 ( -5.710, -2.800) (  1.410,  3.400)
 ( -1.600,  3.080) (  8.540, -4.050)

The LU factorization
 ( -4.300, -7.100) ( -6.470,  2.520) ( -6.510, -2.670) ( -5.860,  7.380)
 (  0.490,  0.470) ( 12.265, -3.574) ( -7.865, -0.492) ( -0.980,  6.708)
 (  0.249, -0.151) ( -0.601, -0.370) (-11.699, -4.642) ( -1.353,  1.376)
 ( -0.830, -0.324) (  0.052,  0.579) (  0.933, -0.499) (  2.664,  7.857)

The pivot indices
(  3  3  3  4 )

The original matrix
(  1.230, -5.500) (  7.910, -5.380) ( -9.800, -4.860) ( -7.320,  7.570) 
( -2.140, -1.120) ( -9.920, -0.790) ( -9.180, -1.120) (  1.370,  0.430) 
( -4.300, -7.100) ( -6.470,  2.520) ( -6.510, -2.670) ( -5.860,  7.380) 
(  1.270,  7.290) (  8.900,  6.920) ( -8.820,  1.250) (  5.410,  5.370) 

The reconstructed matrix
(  1.230, -5.500) (  7.910, -5.380) ( -9.800, -4.860) ( -7.320,  7.570) 
( -2.140, -1.120) ( -9.920, -0.790) ( -9.180, -1.120) (  1.370,  0.430) 
( -4.300, -7.100) ( -6.470,  2.520) ( -6.510, -2.670) ( -5.860,  7.380) 
(  1.270,  7.290) (  8.900,  6.920) ( -8.820,  1.250) (  5.410,  5.370) 

The residual error :  3.9701E-18
