Singular values
 17.6254 11.6102  6.7829

Matrix U
( -0.8568, -0.0000)(  0.4017, -0.0000)(  0.3234,  0.0000)
( -0.3505,  0.1285)( -0.2403, -0.2102)( -0.6301,  0.6014)
(  0.1505,  0.3224)(  0.6074,  0.6064)( -0.3557,  0.1008)

Matrix V Hermitian transpose
( -0.2193,  0.5060)( -0.3708, -0.3157)( -0.5264,  0.1124)(  0.1461,  0.3843)
(  0.3071,  0.3057)(  0.0898, -0.5725)(  0.1831, -0.3871)(  0.3758, -0.3897)
(  0.5316,  0.2394)(  0.4890,  0.2840)( -0.4662, -0.2539)( -0.1536,  0.1873)

