The eigenvalues
-16.0047  -6.7650   6.6657  25.5140 

The eigenvectors
(  0.3448, -0.0000) ( -0.5457,  0.0000) (  0.3112,  0.0000) ( -0.6975,  0.0000) 
(  0.4418, -0.5389) (  0.2620,  0.1810) (  0.4536,  0.2868) (  0.2158, -0.2800) 
( -0.4795, -0.3744) ( -0.5195, -0.0157) ( -0.0524,  0.5734) (  0.1461,  0.0830) 
(  0.1005, -0.1236) ( -0.5030,  0.2787) ( -0.2285, -0.4810) (  0.3413, -0.4938) 
