The eigenvalues
-21.9680  -0.0501   6.4595  16.3387 

The eigenvectors
( -0.4067, -0.0000) ( -0.3382,  0.0000) ( -0.6918,  0.0000) ( -0.4916,  0.0000) 
( -0.0159,  0.2953) (  0.3189, -0.2081) ( -0.5677, -0.2222) (  0.5926,  0.2114) 
( -0.1799, -0.5691) ( -0.4176, -0.3202) (  0.0641,  0.1597) (  0.3460,  0.4664) 
(  0.6187,  0.0898) ( -0.5821,  0.3535) ( -0.1526, -0.3113) (  0.1033,  0.1207) 
