Solution
 (  0.129,  0.133) (  0.628,  0.338)
 (  0.323, -0.071) (  0.606,  0.211)
 ( -0.262, -0.436) ( -0.013, -0.096)
 ( -0.404,  0.509) (  0.209,  0.019)

The matrix factorization
 (-16.425,  1.695) ( -0.528,  0.351) (  0.359,  0.414) ( -0.776,  0.486)
 ( -5.680, -0.800) (  3.694,  0.639) (-16.584, -1.610) ( -0.104, -0.650)
 ( -8.940,  1.320) (  1.640, -6.290) (  1.024, -3.736) ( -0.725, -0.516)
 ( -9.420,  2.050) (  6.790, -2.170) ( -4.510, -7.540) (  9.040,  3.960)

The pivot indices
(  1 -1 -1  3 )
